struct {
	a *float32
	b *int32
	c *int64
	d *uint32
	e *uint64
	f *int
	g *uint
	h *string
	i *float64
}{
	a: valast.Ptr(float32(3607)), b: valast.Ptr(int32(3607)),
	c: valast.Ptr(int64(3607)),
	d: valast.Ptr(uint32(3607)),
	e: valast.Ptr(uint64(3607)),
	f: valast.Ptr(3607),
	g: valast.Ptr(uint(3607)),
	h: valast.Ptr("foobar"),
	i: valast.Ptr(3.14),
}